// Jest Snapshot v1, https://goo.gl/fbAQLP

exports[`Test in GifCard.jsx should match snapshot 1`] = `
<div>
  <div
    class="c-card"
  >
    <img
      class="c-card__img"
      src="https://dragonball.com/goku.jpg"
    />
    <p>
       
      goku
       
    </p>
  </div>
</div>
`;
